---
http_interactions:
- request:
    method: post
    uri: https://17cd58a53c05ca61bd329b031a7063c5:@api.paymill.de/v2/clients
    body:
      encoding: US-ASCII
      string: email=test2%40test.no&description=test
    headers:
      Accept-Encoding:
      - gzip;q=1.0,deflate;q=0.6,identity;q=0.3
      Accept:
      - '*/*'
      User-Agent:
      - Ruby
      Content-Type:
      - application/x-www-form-urlencoded
  response:
    status:
      code: 200
      message: OK
    headers:
      Server:
      - nginx/1.2.1
      Date:
      - Sat, 12 Oct 2013 11:32:22 GMT
      Content-Type:
      - application/json
      Transfer-Encoding:
      - chunked
      Connection:
      - keep-alive
      X-Powered-By:
      - PHP/5.4.4-14+deb7u2
      Set-Cookie:
      - PHPSESSID=1odidb146js7s09scuen5b2r32; path=/
      Expires:
      - Thu, 19 Nov 1981 08:52:00 GMT
      Cache-Control:
      - no-store, no-cache, must-revalidate, post-check=0, pre-check=0
      Pragma:
      - no-cache
      X-Server:
      - paymill-web02.paymill.de
      Strict-Transport-Security:
      - max-age=16070400; includeSubDomains
    body:
      encoding: UTF-8
      string: "{\n\t\"data\":{\n\t\t\"id\":\"client_c4247174469aa5504923\",\n\t\t\"email\":\"test2@test.no\",\n\t\t\"description\":\"test\",\n\t\t\"created_at\":1381577542,\n\t\t\"updated_at\":1381577542,\n\t\t\"app_id\":null,\n\t\t\"payment\":[\n\n\t\t],\n\t\t\"subscription\":null\n\t},\n\t\"mode\":\"test\"\n}"
    http_version: 
  recorded_at: Sat, 12 Oct 2013 11:32:26 GMT
- request:
    method: post
    uri: https://17cd58a53c05ca61bd329b031a7063c5:@api.paymill.de/v2/payments
    body:
      encoding: US-ASCII
      string: token=098f6bcd4621d373cade4e832627b4f6&client=client_c4247174469aa5504923
    headers:
      Accept-Encoding:
      - gzip;q=1.0,deflate;q=0.6,identity;q=0.3
      Accept:
      - '*/*'
      User-Agent:
      - Ruby
      Content-Type:
      - application/x-www-form-urlencoded
  response:
    status:
      code: 200
      message: OK
    headers:
      Server:
      - nginx/1.2.1
      Date:
      - Sat, 12 Oct 2013 11:32:23 GMT
      Content-Type:
      - application/json
      Transfer-Encoding:
      - chunked
      Connection:
      - keep-alive
      X-Powered-By:
      - PHP/5.4.4-14+deb7u2
      Set-Cookie:
      - PHPSESSID=b06jovor91cdpbrfeq35ais3q2; path=/
      Expires:
      - Thu, 19 Nov 1981 08:52:00 GMT
      Cache-Control:
      - no-store, no-cache, must-revalidate, post-check=0, pre-check=0
      Pragma:
      - no-cache
      X-Server:
      - paymill-web01.paymill.de
      Strict-Transport-Security:
      - max-age=16070400; includeSubDomains
    body:
      encoding: UTF-8
      string: "{\n\t\"data\":{\n\t\t\"id\":\"pay_5d86815e0f273e2d0e9fd63a\",\n\t\t\"type\":\"creditcard\",\n\t\t\"client\":\"client_c4247174469aa5504923\",\n\t\t\"card_type\":\"visa\",\n\t\t\"country\":null,\n\t\t\"expire_month\":\"12\",\n\t\t\"expire_year\":\"2014\",\n\t\t\"card_holder\":\"\",\n\t\t\"last4\":\"1111\",\n\t\t\"created_at\":1381577543,\n\t\t\"updated_at\":1381577543,\n\t\t\"app_id\":null\n\t},\n\t\"mode\":\"test\"\n}"
    http_version: 
  recorded_at: Sat, 12 Oct 2013 11:32:27 GMT
- request:
    method: post
    uri: https://17cd58a53c05ca61bd329b031a7063c5:@api.paymill.de/v2/subscriptions
    body:
      encoding: US-ASCII
      string: offer=offer_b72bdb7a4539757ee843&client=client_c4247174469aa5504923&payment=pay_5d86815e0f273e2d0e9fd63a
    headers:
      Accept-Encoding:
      - gzip;q=1.0,deflate;q=0.6,identity;q=0.3
      Accept:
      - '*/*'
      User-Agent:
      - Ruby
      Content-Type:
      - application/x-www-form-urlencoded
  response:
    status:
      code: 200
      message: OK
    headers:
      Server:
      - nginx/1.2.1
      Date:
      - Sat, 12 Oct 2013 11:32:23 GMT
      Content-Type:
      - application/json
      Transfer-Encoding:
      - chunked
      Connection:
      - keep-alive
      X-Powered-By:
      - PHP/5.4.4-14
      Set-Cookie:
      - PHPSESSID=l5g7bk26sbfms22bqd8iqa82b0; path=/
      Expires:
      - Thu, 19 Nov 1981 08:52:00 GMT
      Cache-Control:
      - no-store, no-cache, must-revalidate, post-check=0, pre-check=0
      Pragma:
      - no-cache
      X-Server:
      - paymill-web06.paymill.de
      Strict-Transport-Security:
      - max-age=16070400; includeSubDomains
    body:
      encoding: UTF-8
      string: "{\n\t\"data\":{\n\t\t\"id\":\"sub_291971bf6d977e61c005\",\n\t\t\"offer\":{\n\t\t\t\"id\":\"offer_b72bdb7a4539757ee843\",\n\t\t\t\"name\":\"test\",\n\t\t\t\"amount\":9900,\n\t\t\t\"currency\":\"NOK\",\n\t\t\t\"interval\":\"1
        MONTH\",\n\t\t\t\"trial_period_days\":0,\n\t\t\t\"created_at\":1362085309,\n\t\t\t\"updated_at\":1362085309,\n\t\t\t\"subscription_count\":{\n\t\t\t\t\"active\":\"78\",\n\t\t\t\t\"inactive\":0\n\t\t\t},\n\t\t\t\"app_id\":null\n\t\t},\n\t\t\"livemode\":false,\n\t\t\"cancel_at_period_end\":false,\n\t\t\"trial_start\":null,\n\t\t\"trial_end\":null,\n\t\t\"next_capture_at\":1384259543,\n\t\t\"created_at\":1381577543,\n\t\t\"updated_at\":1381577543,\n\t\t\"canceled_at\":null,\n\t\t\"app_id\":null,\n\t\t\"payment\":{\n\t\t\t\"id\":\"pay_5d86815e0f273e2d0e9fd63a\",\n\t\t\t\"type\":\"creditcard\",\n\t\t\t\"client\":\"client_c4247174469aa5504923\",\n\t\t\t\"card_type\":\"visa\",\n\t\t\t\"country\":null,\n\t\t\t\"expire_month\":\"12\",\n\t\t\t\"expire_year\":\"2014\",\n\t\t\t\"card_holder\":\"\",\n\t\t\t\"last4\":\"1111\",\n\t\t\t\"created_at\":1381577543,\n\t\t\t\"updated_at\":1381577543,\n\t\t\t\"app_id\":null\n\t\t},\n\t\t\"client\":{\n\t\t\t\"id\":\"client_c4247174469aa5504923\",\n\t\t\t\"email\":\"test2@test.no\",\n\t\t\t\"description\":\"test\",\n\t\t\t\"created_at\":1381577542,\n\t\t\t\"updated_at\":1381577542,\n\t\t\t\"app_id\":null,\n\t\t\t\"payment\":[\n\t\t\t\t{\n\t\t\t\t\t\"id\":\"pay_5d86815e0f273e2d0e9fd63a\",\n\t\t\t\t\t\"type\":\"creditcard\",\n\t\t\t\t\t\"client\":\"client_c4247174469aa5504923\",\n\t\t\t\t\t\"card_type\":\"visa\",\n\t\t\t\t\t\"country\":null,\n\t\t\t\t\t\"expire_month\":\"12\",\n\t\t\t\t\t\"expire_year\":\"2014\",\n\t\t\t\t\t\"card_holder\":\"\",\n\t\t\t\t\t\"last4\":\"1111\",\n\t\t\t\t\t\"created_at\":1381577543,\n\t\t\t\t\t\"updated_at\":1381577543,\n\t\t\t\t\t\"app_id\":null\n\t\t\t\t}\n\t\t\t],\n\t\t\t\"subscription\":null\n\t\t}\n\t},\n\t\"mode\":\"test\"\n}"
    http_version: 
  recorded_at: Sat, 12 Oct 2013 11:32:27 GMT
- request:
    method: get
    uri: https://17cd58a53c05ca61bd329b031a7063c5:@api.paymill.de/v2/subscriptions/sub_291971bf6d977e61c005
    body:
      encoding: US-ASCII
      string: ''
    headers:
      Accept-Encoding:
      - gzip;q=1.0,deflate;q=0.6,identity;q=0.3
      Accept:
      - '*/*'
      User-Agent:
      - Ruby
  response:
    status:
      code: 200
      message: OK
    headers:
      Server:
      - nginx/1.2.1
      Date:
      - Sat, 12 Oct 2013 11:32:24 GMT
      Content-Type:
      - application/json
      Transfer-Encoding:
      - chunked
      Connection:
      - keep-alive
      X-Powered-By:
      - PHP/5.4.4-14+deb7u2
      Set-Cookie:
      - PHPSESSID=h1vdvc7ji576oh36p6ta61pnt6; path=/
      Expires:
      - Thu, 19 Nov 1981 08:52:00 GMT
      Cache-Control:
      - no-store, no-cache, must-revalidate, post-check=0, pre-check=0
      Pragma:
      - no-cache
      X-Server:
      - paymill-web05.paymill.de
      Strict-Transport-Security:
      - max-age=16070400; includeSubDomains
    body:
      encoding: UTF-8
      string: "{\n\t\"data\":{\n\t\t\"id\":\"sub_291971bf6d977e61c005\",\n\t\t\"offer\":{\n\t\t\t\"id\":\"offer_b72bdb7a4539757ee843\",\n\t\t\t\"name\":\"test\",\n\t\t\t\"amount\":9900,\n\t\t\t\"currency\":\"NOK\",\n\t\t\t\"interval\":\"1
        MONTH\",\n\t\t\t\"trial_period_days\":0,\n\t\t\t\"created_at\":1362085309,\n\t\t\t\"updated_at\":1362085309,\n\t\t\t\"subscription_count\":{\n\t\t\t\t\"active\":\"78\",\n\t\t\t\t\"inactive\":0\n\t\t\t},\n\t\t\t\"app_id\":null\n\t\t},\n\t\t\"livemode\":false,\n\t\t\"cancel_at_period_end\":false,\n\t\t\"trial_start\":null,\n\t\t\"trial_end\":null,\n\t\t\"next_capture_at\":1384259543,\n\t\t\"created_at\":1381577543,\n\t\t\"updated_at\":1381577543,\n\t\t\"canceled_at\":null,\n\t\t\"app_id\":null,\n\t\t\"payment\":{\n\t\t\t\"id\":\"pay_5d86815e0f273e2d0e9fd63a\",\n\t\t\t\"type\":\"creditcard\",\n\t\t\t\"client\":\"client_c4247174469aa5504923\",\n\t\t\t\"card_type\":\"visa\",\n\t\t\t\"country\":null,\n\t\t\t\"expire_month\":\"12\",\n\t\t\t\"expire_year\":\"2014\",\n\t\t\t\"card_holder\":\"\",\n\t\t\t\"last4\":\"1111\",\n\t\t\t\"created_at\":1381577543,\n\t\t\t\"updated_at\":1381577543,\n\t\t\t\"app_id\":null\n\t\t},\n\t\t\"client\":{\n\t\t\t\"id\":\"client_c4247174469aa5504923\",\n\t\t\t\"email\":\"test2@test.no\",\n\t\t\t\"description\":\"test\",\n\t\t\t\"created_at\":1381577542,\n\t\t\t\"updated_at\":1381577542,\n\t\t\t\"app_id\":null,\n\t\t\t\"payment\":[\n\t\t\t\t{\n\t\t\t\t\t\"id\":\"pay_5d86815e0f273e2d0e9fd63a\",\n\t\t\t\t\t\"type\":\"creditcard\",\n\t\t\t\t\t\"client\":\"client_c4247174469aa5504923\",\n\t\t\t\t\t\"card_type\":\"visa\",\n\t\t\t\t\t\"country\":null,\n\t\t\t\t\t\"expire_month\":\"12\",\n\t\t\t\t\t\"expire_year\":\"2014\",\n\t\t\t\t\t\"card_holder\":\"\",\n\t\t\t\t\t\"last4\":\"1111\",\n\t\t\t\t\t\"created_at\":1381577543,\n\t\t\t\t\t\"updated_at\":1381577543,\n\t\t\t\t\t\"app_id\":null\n\t\t\t\t}\n\t\t\t],\n\t\t\t\"subscription\":[\n\t\t\t\t\"sub_291971bf6d977e61c005\"\n\t\t\t]\n\t\t}\n\t},\n\t\"mode\":\"test\"\n}"
    http_version: 
  recorded_at: Sat, 12 Oct 2013 11:32:28 GMT
recorded_with: VCR 2.6.0
